// Jest Snapshot v1, https://goo.gl/fbAQLP

exports[`BurgerMenu component renders a BurgerMenu by default 1`] = `
<div>
  <Menu
    bodyClassName=""
    burgerBarClassName=""
    burgerButtonClassName=""
    className=""
    crossButtonClassName=""
    crossClassName=""
    disableAutoFocus={false}
    disableCloseOnEsc={false}
    htmlClassName=""
    id="burger-menu"
    isOpen={false}
    itemClassName=""
    itemListClassName=""
    menuClassName=""
    morphShapeClassName=""
    noOverlay={false}
    noTransition={false}
    onIconHoverChange={[Function]}
    onStateChange={[Function]}
    outerContainerId=""
    overlayClassName=""
    pageWrapId=""
    right={true}
    styles={Object {}}
    width={300}
  >
    <li
      className="menu-item"
      id="log-in"
      onClick={[Function]}
    >
      Log In/Register
    </li>
    <Link
      className="menu-item"
      id="about"
      onClick={[Function]}
      to="/about"
    >
      About
    </Link>
  </Menu>
</div>
`;
