// Jest Snapshot v1, https://goo.gl/fbAQLP

exports[`BrowseDropdown component renders a BrowseDropdown by default 1`] = `
<div
  className="dropdown"
>
  <div
    className="button"
    onClick={[Function]}
  >
    Browse
  </div>
</div>
`;
