// Jest Snapshot v1, https://goo.gl/fbAQLP

exports[`ErrorModal component renders a ErrorModal by default 1`] = `
<div
  className="modal display-none"
>
  <section
    className="modal-main error-modal"
  >
    <p />
    <button>
      Close
    </button>
  </section>
</div>
`;

exports[`ErrorModal component renders the ErrorModal given props 1`] = `
<div
  className="modal display-none"
>
  <section
    className="modal-main error-modal"
  >
    <p />
    <button>
      Close
    </button>
  </section>
</div>
`;
